reset
undo on
brick x 1.5 y 1.0 z 0.15
brick x 0.36 y 0.36 z 0.15
create Prism height 0.15 sides 3 radius 0.3582  
move Volume 3  location 0 0 0 include_merged 
create Cylinder height 0.15 radius 0.19 
move Volume 1 location 0.75 0.5 0 include_merged 
move Volume 2 3 4 location 0.75 0.5 0 include_merged 
move Volume 4 location 1.19 0.39 0 include_merged 
move Volume 2 location 0.76 0.68 0 include_merged 
rotate Volume 3 angle 30  about Z include_merged 
move Volume 3 location 0 0 0 include_merged 
move Volume 3 x 0.31 y 0.269 include_merged 
move Volume 3 x 0.095 y 0.2 z 0 include_merged 
move Volume  x 0 y 0 z 0.075 include_merged 
move Volume 1 2 3 4 x 0 y 0 z 0.075 include_merged 
subtract volume 2 3 4 from volume 1 
volume 1 scheme tetmesh
mesh volume 1

compress

block 1 add volume 1
block 1 name "volume"

#nodeset 1 add volume 1 
#nodeset 1 name "volume"
nodeset 2 add surface 14
nodeset 2 name "bottom"
nodeset 3 add surface 13 
nodeset 3 name "top"
nodeset 4 add surface 1 to 4
nodeset 4 name "sides"
nodeset 5 add surface 5 
nodeset 5 name "circle"
nodeset 6 add surface 9 to 12
nodeset 6 name "square"
nodeset 7 add surface 6 to 8 
nodeset 7 name "triangle"


